[pixner.net/onlinebets/onlinebets/football.html]
[backblue.gif]
[fade.gif]
[index.html]
[pixner.net/onlinebets/onlinebets/assets/img/logo/favicon.png]
[pixner.net/onlinebets/onlinebets/assets/css/bootstrap.css.map]
[pixner.net/onlinebets/onlinebets/assets/css/bootstrap.min.css]
[pixner.net/onlinebets/onlinebets/assets/css/odometer.css]
[pixner.net/onlinebets/onlinebets/assets/css/animate.css]
[pixner.net/onlinebets/onlinebets/assets/css/magnific-popup.css]
[pixner.net/onlinebets/onlinebets/assets/css/all.min.css]
[pixner.net/onlinebets/onlinebets/assets/css/owl.carousel.min.css]
[pixner.net/onlinebets/onlinebets/assets/css/owl.theme.default.css]
[pixner.net/onlinebets/onlinebets/assets/css/nice-select.css]
[pixner.net/onlinebets/onlinebets/assets/glyphter/css/Glyphter.css]
[pixner.net/onlinebets/onlinebets/assets/css/daterangepicker.css]
[pixner.net/onlinebets/onlinebets/assets/css/main.css]
[pixner.net/onlinebets/onlinebets/index.html]
[pixner.net/onlinebets/onlinebets/assets/img/logo/logo.png]
[pixner.net/onlinebets/onlinebets/assets/img/logo/dark-logo.png]
[pixner.net/onlinebets/onlinebets/live.html]
[pixner.net/onlinebets/onlinebets/cricket.html]
[pixner.net/onlinebets/onlinebets/profile.html]
[pixner.net/onlinebets/onlinebets/assets/img/sun.png]
[pixner.net/onlinebets/onlinebets/favorites.html]
[pixner.net/onlinebets/onlinebets/efootball.html]
[pixner.net/onlinebets/onlinebets/csgo.html]
[pixner.net/onlinebets/onlinebets/basketball.html]
[pixner.net/onlinebets/onlinebets/ebasketball.html]
[pixner.net/onlinebets/onlinebets/tennis.html]
[pixner.net/onlinebets/onlinebets/etennis.html]
[pixner.net/onlinebets/onlinebets/dota2.html]
[pixner.net/onlinebets/onlinebets/lol.html]
[pixner.net/onlinebets/onlinebets/icehocky.html]
[pixner.net/onlinebets/onlinebets/ehocky.html]
[pixner.net/onlinebets/onlinebets/table-tennis.html]
[pixner.net/onlinebets/onlinebets/volleyball.html]
[pixner.net/onlinebets/onlinebets/baseball.html]
[pixner.net/onlinebets/onlinebets/rugby.html]
[pixner.net/onlinebets/onlinebets/mma.html]
[pixner.net/onlinebets/onlinebets/americanfootball.html]
[pixner.net/onlinebets/onlinebets/handball.html]
[pixner.net/onlinebets/onlinebets/rocket.html]
[pixner.net/onlinebets/onlinebets/boxing.html]
[pixner.net/onlinebets/onlinebets/rainbow.html]
[pixner.net/onlinebets/onlinebets/futsal.html]
[pixner.net/onlinebets/onlinebets/sc2.html]
[pixner.net/onlinebets/onlinebets/ow.html]
[pixner.net/onlinebets/onlinebets/valor.html]
[pixner.net/onlinebets/onlinebets/details.html]
[pixner.net/onlinebets/onlinebets/assets/img/table/luage.png]
[pixner.net/onlinebets/onlinebets/assets/img/table/bayern.png]
[pixner.net/onlinebets/onlinebets/assets/img/table/plazen.png]
[pixner.net/onlinebets/onlinebets/assets/img/table/marseille.png]
[pixner.net/onlinebets/onlinebets/assets/img/table/sporting-cp.png]
[pixner.net/onlinebets/onlinebets/assets/img/table/internaz.png]
[pixner.net/onlinebets/onlinebets/assets/img/table/barsa.png]
[pixner.net/onlinebets/onlinebets/assets/img/table/liverp0ol.png]
[pixner.net/onlinebets/onlinebets/assets/img/table/rangers.png]
[pixner.net/onlinebets/onlinebets/assets/img/table/porto.png]
[pixner.net/onlinebets/onlinebets/assets/img/table/bayer.png]
[pixner.net/onlinebets/onlinebets/assets/img/table/brugge.png]
[pixner.net/onlinebets/onlinebets/assets/img/table/atletico-madrid.png]
[pixner.net/onlinebets/onlinebets/assets/img/table/man-city.png]
[pixner.net/onlinebets/onlinebets/assets/img/table/compenhagen.png]
[pixner.net/onlinebets/onlinebets/assets/img/table/chelsea.png]
[pixner.net/onlinebets/onlinebets/assets/img/table/milan.png]
[pixner.net/onlinebets/onlinebets/assets/img/table/sevilla.png]
[pixner.net/onlinebets/onlinebets/assets/img/table/dortmund.png]
[pixner.net/onlinebets/onlinebets/assets/img/table/juventus.png]
[pixner.net/onlinebets/onlinebets/assets/img/table/haifa.png]
[pixner.net/onlinebets/onlinebets/assets/img/table/benfica.png]
[pixner.net/onlinebets/onlinebets/assets/img/table/psg.png]
[pixner.net/onlinebets/onlinebets/assets/img/sponsor/01.png]
[pixner.net/onlinebets/onlinebets/assets/img/sponsor/02.png]
[pixner.net/onlinebets/onlinebets/assets/img/sponsor/03.png]
[pixner.net/onlinebets/onlinebets/assets/img/sponsor/04.png]
[pixner.net/onlinebets/onlinebets/assets/img/sponsor/05.png]
[pixner.net/onlinebets/onlinebets/assets/img/sponsor/06.png]
[pixner.net/onlinebets/onlinebets/assets/img/sponsor/07.png]
[pixner.net/onlinebets/onlinebets/assets/img/sponsor/08.png]
[pixner.net/onlinebets/onlinebets/assets/img/sponsor/09.png]
[pixner.net/onlinebets/onlinebets/assets/img/light-sponsor/01.png]
[pixner.net/onlinebets/onlinebets/assets/img/light-sponsor/03.png]
[pixner.net/onlinebets/onlinebets/assets/img/light-sponsor/04.png]
[pixner.net/onlinebets/onlinebets/assets/img/light-sponsor/05.png]
[pixner.net/onlinebets/onlinebets/assets/img/light-sponsor/06.png]
[pixner.net/onlinebets/onlinebets/assets/img/light-sponsor/07.png]
[pixner.net/onlinebets/onlinebets/assets/img/light-sponsor/08.png]
[pixner.net/onlinebets/onlinebets/assets/img/light-sponsor/09.png]
[pixner.net/onlinebets/onlinebets/assets/img/header/right-icon/wallet.svg]
[pixner.net/onlinebets/onlinebets/assets/img/header/right-icon/bed2.png]
[pixner.net/onlinebets/onlinebets/assets/img/header/right-icon/bed.svg]
[pixner.net/onlinebets/onlinebets/assets/img/header/right-icon/bets.svg]
[pixner.net/onlinebets/onlinebets/assets/img/header/right-icon/footaball.svg]
[pixner.net/onlinebets/onlinebets/assets/img/header/right-icon/uptodwon.svg]
[pixner.net/onlinebets/onlinebets/assets/js/jquery-3.6.0.min.js]
[pixner.net/onlinebets/onlinebets/assets/js/bootstrap.bundle.min.js]
[pixner.net/onlinebets/onlinebets/assets/js/viewport.jquery.js]
[pixner.net/onlinebets/onlinebets/assets/js/odometer.min.js]
[pixner.net/onlinebets/onlinebets/assets/js/jquery.magnific-popup.min.js]
[pixner.net/onlinebets/onlinebets/assets/js/countdown.min.js]
[pixner.net/onlinebets/onlinebets/assets/js/wow.min.js]
[pixner.net/onlinebets/onlinebets/assets/js/owl.carousel.min.js]
[pixner.net/onlinebets/onlinebets/assets/js/jquery.nice-select.min.js]
[pixner.net/onlinebets/onlinebets/assets/js/main.js]
[pixner.net/onlinebets/onlinebets/football.html]
[pixner.net/onlinebets/onlinebets/assets/css/bootstrap.min.css]
[pixner.net/onlinebets/onlinebets/assets/css/odometer.css]
[pixner.net/onlinebets/onlinebets/assets/css/animate.css]
[pixner.net/onlinebets/onlinebets/assets/css/magnific-popup.css]
[pixner.net/onlinebets/onlinebets/assets/webfonts/fa-brands-400.woff2]
[pixner.net/onlinebets/onlinebets/assets/webfonts/fa-brands-400.ttf]
[pixner.net/onlinebets/onlinebets/assets/webfonts/fa-regular-400.woff2]
[pixner.net/onlinebets/onlinebets/assets/webfonts/fa-regular-400.ttf]
[pixner.net/onlinebets/onlinebets/assets/webfonts/fa-solid-900.woff2]
[pixner.net/onlinebets/onlinebets/assets/webfonts/fa-solid-900.ttf]
[pixner.net/onlinebets/onlinebets/assets/webfonts/fa-v4compatibility.woff2]
[pixner.net/onlinebets/onlinebets/assets/webfonts/fa-v4compatibility.ttf]
[pixner.net/onlinebets/onlinebets/assets/css/all.min.css]
[pixner.net/onlinebets/onlinebets/assets/css/owl.video.play.png]
[pixner.net/onlinebets/onlinebets/assets/css/owl.carousel.min.css]
[pixner.net/onlinebets/onlinebets/assets/css/owl.theme.default.css]
[pixner.net/onlinebets/onlinebets/assets/css/nice-select.css]
[pixner.net/onlinebets/onlinebets/assets/glyphter/fonts/Glyphter.eot]
[pixner.net/onlinebets/onlinebets/assets/glyphter/fonts/Glyphterd41d.eot]
[pixner.net/onlinebets/onlinebets/assets/glyphter/fonts/Glyphter.woff]
[pixner.net/onlinebets/onlinebets/assets/glyphter/fonts/Glyphter.ttf]
[pixner.net/onlinebets/onlinebets/assets/glyphter/css/Glyphter.css]
[pixner.net/onlinebets/onlinebets/assets/css/daterangepicker.css]
[pixner.net/onlinebets/onlinebets/assets/glyphter/fonts/Glyphter.svg]
[pixner.net/onlinebets/onlinebets/assets/img/table/d-bottom.png]
[pixner.net/onlinebets/onlinebets/assets/img/banner/banner.png]
[pixner.net/onlinebets/onlinebets/assets/img/banner/bannerthree.png]
[pixner.net/onlinebets/onlinebets/assets/img/banner/bannertwo.png]
[pixner.net/onlinebets/onlinebets/assets/img/table/details/details-banner.png]
[pixner.net/onlinebets/onlinebets/assets/img/table/details/probg.png]
[pixner.net/onlinebets/onlinebets/assets/img/table/bottomarrow.png]
[pixner.net/onlinebets/onlinebets/assets/img/header/right-icon/cross.png]
[pixner.net/onlinebets/onlinebets/assets/css/main.css]
[pixner.net/onlinebets/onlinebets/assets/img/banner-freature/live.svg]
[pixner.net/onlinebets/onlinebets/assets/img/banner-freature/parcents.svg]
[pixner.net/onlinebets/onlinebets/assets/img/banner-freature/football.svg]
[pixner.net/onlinebets/onlinebets/assets/img/banner-freature/tennis.svg]
[pixner.net/onlinebets/onlinebets/assets/img/banner-freature/table.svg]
[pixner.net/onlinebets/onlinebets/assets/img/banner-freature/basketball.svg]
[pixner.net/onlinebets/onlinebets/assets/img/banner-freature/esport.svg]
[pixner.net/onlinebets/onlinebets/assets/img/banner-freature/promotion.svg]
[pixner.net/onlinebets/onlinebets/assets/img/banner-freature/cricket.svg]
[pixner.net/onlinebets/onlinebets/assets/img/table/croatia.png]
[pixner.net/onlinebets/onlinebets/assets/img/table/denmark.png]
[pixner.net/onlinebets/onlinebets/assets/img/table/italy.png]
[pixner.net/onlinebets/onlinebets/assets/img/table/scotland.png]
[pixner.net/onlinebets/onlinebets/assets/img/table/l-flag.png]
[pixner.net/onlinebets/onlinebets/assets/img/table/hot.png]
[pixner.net/onlinebets/onlinebets/assets/img/table/ukraine.png]
[pixner.net/onlinebets/onlinebets/assets/img/table/belgium.png]
[pixner.net/onlinebets/onlinebets/assets/img/table/csgo-flag.png]
[pixner.net/onlinebets/onlinebets/assets/img/table/infernos.png]
[pixner.net/onlinebets/onlinebets/assets/img/table/sinners.png]
[pixner.net/onlinebets/onlinebets/assets/img/table/esl.png]
[pixner.net/onlinebets/onlinebets/assets/img/table/cloud.png]
[pixner.net/onlinebets/onlinebets/assets/img/table/evil.png]
[pixner.net/onlinebets/onlinebets/assets/img/table/fireman.png]
[pixner.net/onlinebets/onlinebets/assets/img/table/furia.png]
[pixner.net/onlinebets/onlinebets/assets/img/table/c-league.png]
[pixner.net/onlinebets/onlinebets/assets/img/table/swans.png]
[pixner.net/onlinebets/onlinebets/assets/img/table/parnu.png]
[pixner.net/onlinebets/onlinebets/assets/img/table/lion.png]
[pixner.net/onlinebets/onlinebets/assets/img/table/kormend.png]
[pixner.net/onlinebets/onlinebets/assets/img/table/basketball.svg]
[pixner.net/onlinebets/onlinebets/assets/img/table/cuber.png]
[pixner.net/onlinebets/onlinebets/assets/img/table/pistons.png]
[pixner.net/onlinebets/onlinebets/assets/img/table/basketman.png]
[pixner.net/onlinebets/onlinebets/assets/img/table/minnersota.png]
[pixner.net/onlinebets/onlinebets/assets/img/table/jazz.png]
[pixner.net/onlinebets/onlinebets/assets/img/table/wta.png]
[pixner.net/onlinebets/onlinebets/assets/img/table/solder.png]
[pixner.net/onlinebets/onlinebets/assets/img/table/king.png]
[pixner.net/onlinebets/onlinebets/assets/img/table/batbintonplay.png]
[pixner.net/onlinebets/onlinebets/assets/img/table/ninja.png]
[pixner.net/onlinebets/onlinebets/assets/img/table/skill.png]
[pixner.net/onlinebets/onlinebets/assets/img/table/teab.png]
[pixner.net/onlinebets/onlinebets/assets/img/table/team2.png]
[pixner.net/onlinebets/onlinebets/assets/img/table/team3.png]
[pixner.net/onlinebets/onlinebets/assets/img/table/team4.png]
[pixner.net/onlinebets/onlinebets/assets/img/table/bts.png]
[pixner.net/onlinebets/onlinebets/assets/img/table/dotaflag1.png]
[pixner.net/onlinebets/onlinebets/assets/img/table/dotaflag2.png]
[pixner.net/onlinebets/onlinebets/assets/img/table/dota2.png]
[pixner.net/onlinebets/onlinebets/assets/img/table/hunter.png]
[pixner.net/onlinebets/onlinebets/assets/img/table/ivy.png]
[pixner.net/onlinebets/onlinebets/assets/img/table/execration.png]
[pixner.net/onlinebets/onlinebets/assets/img/table/neon.png]
[pixner.net/onlinebets/onlinebets/assets/img/table/ol.png]
[pixner.net/onlinebets/onlinebets/assets/img/table/hereti.png]
[pixner.net/onlinebets/onlinebets/assets/img/table/blaze.png]
[pixner.net/onlinebets/onlinebets/assets/img/table/gaming.png]
[pixner.net/onlinebets/onlinebets/assets/img/table/lumber.png]
[pixner.net/onlinebets/onlinebets/assets/img/table/with.png]
[pixner.net/onlinebets/onlinebets/assets/img/table/klh.png]
[pixner.net/onlinebets/onlinebets/assets/img/table/china.png]
[pixner.net/onlinebets/onlinebets/assets/img/table/whl.png]
[pixner.net/onlinebets/onlinebets/assets/img/table/mexico.png]
[pixner.net/onlinebets/onlinebets/assets/img/table/canada.png]
[pixner.net/onlinebets/onlinebets/assets/img/table/wales.png]
[pixner.net/onlinebets/onlinebets/assets/img/table/algeria.png]
[pixner.net/onlinebets/onlinebets/assets/img/table/argentina.png]
[pixner.net/onlinebets/onlinebets/assets/img/table/australia.png]
[pixner.net/onlinebets/onlinebets/assets/img/table/bahrain.png]
[pixner.net/onlinebets/onlinebets/assets/img/table/austria.png]
[pixner.net/onlinebets/onlinebets/assets/img/table/israel.png]
[pixner.net/onlinebets/onlinebets/assets/img/table/belgi.png]
[pixner.net/onlinebets/onlinebets/assets/img/table/bolivia.png]
[pixner.net/onlinebets/onlinebets/assets/img/table/bosnia.png]
[pixner.net/onlinebets/onlinebets/assets/img/table/brazil.png]
[pixner.net/onlinebets/onlinebets/assets/img/table/burkina.png]
[pixner.net/onlinebets/onlinebets/assets/img/table/japan.png]
[pixner.net/onlinebets/onlinebets/assets/img/table/czech.png]
[pixner.net/onlinebets/onlinebets/assets/img/table/finland.png]
[pixner.net/onlinebets/onlinebets/assets/img/table/angola.png]
[pixner.net/onlinebets/onlinebets/assets/img/table/aruba.png]
[pixner.net/onlinebets/onlinebets/assets/img/table/wurope.png]
[pixner.net/onlinebets/onlinebets/assets/img/table/paraguay.png]
[pixner.net/onlinebets/onlinebets/assets/img/table/panama.png]
[pixner.net/onlinebets/onlinebets/details.htdeta]
[pixner.net/onlinebets/onlinebets/details.htdetails.html]
[pixner.net/onlinebets/onlinebets/assets/img/table/india.png]
[pixner.net/onlinebets/onlinebets/assets/img/table/guatemala.png]
[pixner.net/onlinebets/onlinebets/assets/img/table/ireland.png]
[pixner.net/onlinebets/onlinebets/assets/img/table/estonia.png]
[pixner.net/onlinebets/onlinebets/assets/js/moment.min.js]
[pixner.net/onlinebets/onlinebets/index.html]
[pixner.net/onlinebets/onlinebets/assets/js/daterangepicker.min.js]
[pixner.net/onlinebets/onlinebets/assets/img/table/ncl.png]
[pixner.net/onlinebets/onlinebets/assets/img/table/phonix.png]
[pixner.net/onlinebets/onlinebets/assets/img/table/tasmania.png]
[pixner.net/onlinebets/onlinebets/assets/img/table/e.png]
[pixner.net/onlinebets/onlinebets/assets/img/table/tokyo.png]
[pixner.net/onlinebets/onlinebets/assets/img/table/pass.png]
[pixner.net/onlinebets/onlinebets/assets/img/table/wman.png]
[pixner.net/onlinebets/onlinebets/assets/img/table/botas.png]
[pixner.net/onlinebets/onlinebets/assets/img/table/karsi.png]
[pixner.net/onlinebets/onlinebets/assets/img/table/h11.png]
[pixner.net/onlinebets/onlinebets/assets/img/table/h22.png]
[pixner.net/onlinebets/onlinebets/assets/img/table/diniz.png]
[pixner.net/onlinebets/onlinebets/assets/img/table/petkim.png]
[pixner.net/onlinebets/onlinebets/assets/img/table/play01.png]
[pixner.net/onlinebets/onlinebets/assets/img/table/play02.png]
[pixner.net/onlinebets/onlinebets/assets/img/table/play03.png]
[pixner.net/onlinebets/onlinebets/assets/img/table/play04.png]
[pixner.net/onlinebets/onlinebets/assets/img/table/play06.png]
[pixner.net/onlinebets/onlinebets/assets/img/table/play07.png]
[pixner.net/onlinebets/onlinebets/assets/img/table/play08.png]
[pixner.net/onlinebets/onlinebets/assets/img/table/play09.png]
[pixner.net/onlinebets/onlinebets/assets/img/table/play10.png]
[pixner.net/onlinebets/onlinebets/assets/img/table/play11.png]
[pixner.net/onlinebets/onlinebets/assets/img/table/play12.png]
[pixner.net/onlinebets/onlinebets/assets/img/table/play13.png]
[pixner.net/onlinebets/onlinebets/assets/img/table/play14.png]
[pixner.net/onlinebets/onlinebets/assets/img/table/play15.png]
[pixner.net/onlinebets/onlinebets/assets/img/table/play16.png]
[pixner.net/onlinebets/onlinebets/live.html]
[pixner.net/onlinebets/onlinebets/assets/img/table/marsh.png]
[pixner.net/onlinebets/onlinebets/assets/img/table/bulls.png]
[pixner.net/onlinebets/onlinebets/assets/img/table/tiger.png]
[pixner.net/onlinebets/onlinebets/assets/img/table/sky.png]
[pixner.net/onlinebets/onlinebets/assets/img/table/details/newzeland.png]
[pixner.net/onlinebets/onlinebets/assets/img/table/pakistan.png]
[pixner.net/onlinebets/onlinebets/assets/img/table/bangladesh.png]
[pixner.net/onlinebets/onlinebets/assets/img/table/nfl.png]
[pixner.net/onlinebets/onlinebets/assets/img/table/kcr.png]
[pixner.net/onlinebets/onlinebets/assets/img/table/riders.png]
[pixner.net/onlinebets/onlinebets/assets/img/table/bears.png]
[pixner.net/onlinebets/onlinebets/assets/img/table/w.png]
[pixner.net/onlinebets/onlinebets/assets/img/table/dolphin.png]
[pixner.net/onlinebets/onlinebets/assets/img/table/vitality.png]
[pixner.net/onlinebets/onlinebets/assets/img/table/steelers.png]
[pixner.net/onlinebets/onlinebets/assets/img/table/kogkal.png]
[pixner.net/onlinebets/onlinebets/cricket.html]
[pixner.net/onlinebets/onlinebets/assets/img/table/details/picture.png]
[pixner.net/onlinebets/onlinebets/assets/img/table/details/porfitman.png]
[pixner.net/onlinebets/onlinebets/assets/img/table/details/gitft.png]
[pixner.net/onlinebets/onlinebets/assets/img/table/details/bitcoin.png]
[pixner.net/onlinebets/onlinebets/assets/img/table/details/monnyplay.png]
[pixner.net/onlinebets/onlinebets/assets/img/table/details/ethereum.png]
[pixner.net/onlinebets/onlinebets/assets/img/table/details/thether.png]
[pixner.net/onlinebets/onlinebets/assets/img/table/details/litecoin.png]
[pixner.net/onlinebets/onlinebets/assets/img/table/details/b1.png]
[pixner.net/onlinebets/onlinebets/assets/img/table/details/b2.png]
[pixner.net/onlinebets/onlinebets/assets/img/table/details/algeria.png]
[pixner.net/onlinebets/onlinebets/assets/img/table/details/master.png]
[pixner.net/onlinebets/onlinebets/assets/img/table/details/visa.png]
[pixner.net/onlinebets/onlinebets/assets/img/table/details/paypal.png]
[pixner.net/onlinebets/onlinebets/assets/img/table/details/paysafe.png]
[pixner.net/onlinebets/onlinebets/assets/img/table/details/gplay.png]
[pixner.net/onlinebets/onlinebets/assets/img/table/details/trustly.png]
[pixner.net/onlinebets/onlinebets/profile.html]
[pixner.net/onlinebets/onlinebets/assets/img/table/atp.png]
[pixner.net/onlinebets/onlinebets/assets/img/table/atp2.png]
[pixner.net/onlinebets/onlinebets/assets/img/table/luca.png]
[pixner.net/onlinebets/onlinebets/assets/img/table/marco.png]
[pixner.net/onlinebets/onlinebets/assets/img/table/l-radi.png]
[pixner.net/onlinebets/onlinebets/favorites.html]
[pixner.net/onlinebets/onlinebets/assets/img/table/f1.png]
[pixner.net/onlinebets/onlinebets/assets/img/table/f2.png]
[pixner.net/onlinebets/onlinebets/assets/img/table/f3.png]
[pixner.net/onlinebets/onlinebets/assets/img/table/f4.png]
[pixner.net/onlinebets/onlinebets/assets/img/table/f6.png]
[pixner.net/onlinebets/onlinebets/assets/img/table/f7.png]
[pixner.net/onlinebets/onlinebets/assets/img/table/f8.png]
[pixner.net/onlinebets/onlinebets/assets/img/table/haw.png]
[pixner.net/onlinebets/onlinebets/assets/img/table/king2.png]
[pixner.net/onlinebets/onlinebets/efootball.html]
[pixner.net/onlinebets/onlinebets/assets/img/table/csgo2.png]
[pixner.net/onlinebets/onlinebets/assets/img/table/nightraid.png]
[pixner.net/onlinebets/onlinebets/assets/img/table/snake.png]
[pixner.net/onlinebets/onlinebets/assets/img/table/uropen.png]
[pixner.net/onlinebets/onlinebets/assets/img/table/csgo3.png]
[pixner.net/onlinebets/onlinebets/assets/img/table/lodis.png]
[pixner.net/onlinebets/onlinebets/assets/img/table/nin.png]
[pixner.net/onlinebets/onlinebets/assets/img/table/rhyno.png]
[pixner.net/onlinebets/onlinebets/assets/img/table/partherss.png]
[pixner.net/onlinebets/onlinebets/assets/img/table/ecl.png]
[pixner.net/onlinebets/onlinebets/assets/img/table/international.png]
[pixner.net/onlinebets/onlinebets/assets/img/table/dnyx.png]
[pixner.net/onlinebets/onlinebets/assets/img/table/oopro.png]
[pixner.net/onlinebets/onlinebets/assets/img/table/sgo.png]
[pixner.net/onlinebets/onlinebets/csgo.html]
[pixner.net/onlinebets/onlinebets/assets/img/table/nba.png]
[pixner.net/onlinebets/onlinebets/assets/img/table/los.png]
[pixner.net/onlinebets/onlinebets/assets/img/table/trail.png]
[pixner.net/onlinebets/onlinebets/assets/img/table/lakers.png]
[pixner.net/onlinebets/onlinebets/assets/img/table/sacremento.png]
[pixner.net/onlinebets/onlinebets/assets/img/table/kbl.png]
[pixner.net/onlinebets/onlinebets/assets/img/table/kcc.png]
[pixner.net/onlinebets/onlinebets/assets/img/table/promy.png]
[pixner.net/onlinebets/onlinebets/assets/img/table/altas.png]
[pixner.net/onlinebets/onlinebets/assets/img/table/eac.png]
[pixner.net/onlinebets/onlinebets/assets/img/table/santos.png]
[pixner.net/onlinebets/onlinebets/assets/img/table/cagers.png]
[pixner.net/onlinebets/onlinebets/assets/img/table/korislinga.png]
[pixner.net/onlinebets/onlinebets/assets/img/table/nokia.png]
[pixner.net/onlinebets/onlinebets/assets/img/table/eagul.png]
[pixner.net/onlinebets/onlinebets/assets/img/table/kataja.png]
[pixner.net/onlinebets/onlinebets/assets/img/table/kataja2.png]
[pixner.net/onlinebets/onlinebets/assets/img/table/oriha.png]
[pixner.net/onlinebets/onlinebets/assets/img/table/honka.png]
[pixner.net/onlinebets/onlinebets/assets/img/table/paf.png]
[pixner.net/onlinebets/onlinebets/assets/img/table/cramo.png]
[pixner.net/onlinebets/onlinebets/assets/img/table/rakvere.png]
[pixner.net/onlinebets/onlinebets/assets/img/table/c-fifa.png]
[pixner.net/onlinebets/onlinebets/assets/img/table/vef.png]
[pixner.net/onlinebets/onlinebets/assets/img/table/slb.png]
[pixner.net/onlinebets/onlinebets/assets/img/table/pinar.png]
[pixner.net/onlinebets/onlinebets/assets/img/table/aek.png]
[pixner.net/onlinebets/onlinebets/assets/img/table/nymburk.png]
[pixner.net/onlinebets/onlinebets/assets/img/table/bilbao.png]
[pixner.net/onlinebets/onlinebets/assets/img/table/uppsala.png]
[pixner.net/onlinebets/onlinebets/assets/img/table/lulea.png]
[pixner.net/onlinebets/onlinebets/basketball.html]
[pixner.net/onlinebets/onlinebets/ebasketball.html]
[pixner.net/onlinebets/onlinebets/assets/img/table/ilitsa.png]
[pixner.net/onlinebets/onlinebets/tennis.html]
[pixner.net/onlinebets/onlinebets/assets/img/table/te1.png]
[pixner.net/onlinebets/onlinebets/assets/img/table/te2.png]
[pixner.net/onlinebets/onlinebets/assets/img/table/te3.png]
[pixner.net/onlinebets/onlinebets/etennis.html]
[pixner.net/onlinebets/onlinebets/assets/img/table/natic.png]
[pixner.net/onlinebets/onlinebets/assets/img/table/execration2.png]
[pixner.net/onlinebets/onlinebets/assets/img/table/luna.png]
[pixner.net/onlinebets/onlinebets/assets/img/table/smg.png]
[pixner.net/onlinebets/onlinebets/assets/img/table/boom.png]
[pixner.net/onlinebets/onlinebets/assets/img/table/kak.png]
[pixner.net/onlinebets/onlinebets/assets/img/table/sg.png]
[pixner.net/onlinebets/onlinebets/assets/img/table/thecut.png]
[pixner.net/onlinebets/onlinebets/dota2.html]
[pixner.net/onlinebets/onlinebets/assets/img/table/wave.png]
[pixner.net/onlinebets/onlinebets/assets/img/table/fc.png]
[pixner.net/onlinebets/onlinebets/assets/img/table/mouz.png]
[pixner.net/onlinebets/onlinebets/assets/img/table/wesport.png]
[pixner.net/onlinebets/onlinebets/assets/img/table/sprout.png]
[pixner.net/onlinebets/onlinebets/assets/img/table/big.png]
[pixner.net/onlinebets/onlinebets/assets/img/table/l-balu.png]
[pixner.net/onlinebets/onlinebets/lol.html]
[pixner.net/onlinebets/onlinebets/assets/img/table/slovaka.png]
[pixner.net/onlinebets/onlinebets/assets/img/table/slotbig.png]
[pixner.net/onlinebets/onlinebets/assets/img/table/dubnica.png]
[pixner.net/onlinebets/onlinebets/assets/img/table/cz-liga.png]
[pixner.net/onlinebets/onlinebets/assets/img/table/dukla.png]
[pixner.net/onlinebets/onlinebets/assets/img/table/banik.png]
[pixner.net/onlinebets/onlinebets/assets/img/table/zlin.png]
[pixner.net/onlinebets/onlinebets/assets/img/table/litomerce.png]
[pixner.net/onlinebets/onlinebets/assets/img/table/mestis.png]
[pixner.net/onlinebets/onlinebets/assets/img/table/vanta.png]
[pixner.net/onlinebets/onlinebets/assets/img/table/imatra.png]
[pixner.net/onlinebets/onlinebets/assets/img/table/mfk.png]
[pixner.net/onlinebets/onlinebets/assets/img/table/ass1.png]
[pixner.net/onlinebets/onlinebets/assets/img/table/ass10.png]
[pixner.net/onlinebets/onlinebets/assets/img/table/ass11.png]
[pixner.net/onlinebets/onlinebets/assets/img/table/ass6.png]
[pixner.net/onlinebets/onlinebets/assets/img/table/ass12.png]
[pixner.net/onlinebets/onlinebets/assets/img/table/ass13.png]
[pixner.net/onlinebets/onlinebets/assets/img/table/ass4.png]
[pixner.net/onlinebets/onlinebets/assets/img/table/ass5.png]
[pixner.net/onlinebets/onlinebets/assets/img/table/ass7.png]
[pixner.net/onlinebets/onlinebets/assets/img/table/belarus.png]
[pixner.net/onlinebets/onlinebets/assets/img/table/ass9.png]
[pixner.net/onlinebets/onlinebets/assets/img/table/ass8.png]
[pixner.net/onlinebets/onlinebets/icehocky.html]
[pixner.net/onlinebets/onlinebets/assets/img/table/hm8.png]
[pixner.net/onlinebets/onlinebets/assets/img/table/hm5.png]
[pixner.net/onlinebets/onlinebets/assets/img/table/hm6.png]
[pixner.net/onlinebets/onlinebets/assets/img/table/hm4.png]
[pixner.net/onlinebets/onlinebets/ehocky.html]
[pixner.net/onlinebets/onlinebets/table-tennis.html]
[pixner.net/onlinebets/onlinebets/assets/img/table/pebro.png]
[pixner.net/onlinebets/onlinebets/assets/img/table/kladno.png]
[pixner.net/onlinebets/onlinebets/assets/img/table/ktp.png]
[pixner.net/onlinebets/onlinebets/volleyball.html]
[pixner.net/onlinebets/onlinebets/assets/img/table/kpbkorea.png]
[pixner.net/onlinebets/onlinebets/assets/img/table/hanwha.png]
[pixner.net/onlinebets/onlinebets/assets/img/table/nexen.png]
[pixner.net/onlinebets/onlinebets/assets/img/table/samsung.png]
[pixner.net/onlinebets/onlinebets/assets/img/table/twins.png]
[pixner.net/onlinebets/onlinebets/assets/img/table/dinos.png]
[pixner.net/onlinebets/onlinebets/assets/img/table/landers.png]
[pixner.net/onlinebets/onlinebets/assets/img/table/cpbl.png]
[pixner.net/onlinebets/onlinebets/assets/img/table/guardians.png]
[pixner.net/onlinebets/onlinebets/assets/img/table/uni.png]
[pixner.net/onlinebets/onlinebets/assets/img/table/usamlb.png]
[pixner.net/onlinebets/onlinebets/assets/img/table/c.png]
[pixner.net/onlinebets/onlinebets/assets/img/table/rays.png]
[pixner.net/onlinebets/onlinebets/baseball.html]
[pixner.net/onlinebets/onlinebets/assets/img/table/prod2.png]
[pixner.net/onlinebets/onlinebets/assets/img/table/rbr.png]
[pixner.net/onlinebets/onlinebets/assets/img/table/rbleauge.png]
[pixner.net/onlinebets/onlinebets/assets/img/table/france.png]
[pixner.net/onlinebets/onlinebets/assets/img/table/england.png]
[pixner.net/onlinebets/onlinebets/assets/img/table/samoa.png]
[pixner.net/onlinebets/onlinebets/rugby.html]
[pixner.net/onlinebets/onlinebets/assets/img/table/ksw.png]
[pixner.net/onlinebets/onlinebets/assets/img/table/petra.png]
[pixner.net/onlinebets/onlinebets/assets/img/table/dawid.png]
[pixner.net/onlinebets/onlinebets/assets/img/table/michal.png]
[pixner.net/onlinebets/onlinebets/assets/img/table/daniel.png]
[pixner.net/onlinebets/onlinebets/assets/img/table/robert.png]
[pixner.net/onlinebets/onlinebets/assets/img/table/sam.png]
[pixner.net/onlinebets/onlinebets/mma.html]
[pixner.net/onlinebets/onlinebets/assets/img/table/ncaa.png]
[pixner.net/onlinebets/onlinebets/assets/img/table/cornell.png]
[pixner.net/onlinebets/onlinebets/assets/img/table/crimson.png]
[pixner.net/onlinebets/onlinebets/assets/img/table/rr.png]
[pixner.net/onlinebets/onlinebets/assets/img/table/nn.png]
[pixner.net/onlinebets/onlinebets/assets/img/table/cfl.png]
[pixner.net/onlinebets/onlinebets/assets/img/table/catstiger.png]
[pixner.net/onlinebets/onlinebets/assets/img/table/saska.png]
[pixner.net/onlinebets/onlinebets/assets/img/table/m-tiger.png]
[pixner.net/onlinebets/onlinebets/assets/img/table/uh.png]
[pixner.net/onlinebets/onlinebets/assets/img/table/pack.png]
[pixner.net/onlinebets/onlinebets/assets/img/table/rams.png]
[pixner.net/onlinebets/onlinebets/assets/img/table/jose.png]
[pixner.net/onlinebets/onlinebets/assets/img/table/unlv.png]
[pixner.net/onlinebets/onlinebets/assets/img/table/hoosiers.png]
[pixner.net/onlinebets/onlinebets/assets/img/table/m-logo.png]
[pixner.net/onlinebets/onlinebets/assets/img/table/gators.png]
[pixner.net/onlinebets/onlinebets/assets/img/table/missouri.png]
[pixner.net/onlinebets/onlinebets/assets/img/table/qu.png]
[pixner.net/onlinebets/onlinebets/assets/img/table/caw.png]
[pixner.net/onlinebets/onlinebets/assets/img/table/kansas.png]
[pixner.net/onlinebets/onlinebets/assets/img/table/tcu.png]
[pixner.net/onlinebets/onlinebets/assets/img/table/pitt.png]
[pixner.net/onlinebets/onlinebets/assets/img/table/vt.png]
[pixner.net/onlinebets/onlinebets/assets/img/table/uabs.png]
[pixner.net/onlinebets/onlinebets/assets/img/table/tulance.png]
[pixner.net/onlinebets/onlinebets/assets/img/table/ecu.png]
[pixner.net/onlinebets/onlinebets/assets/img/table/toledos.png]
[pixner.net/onlinebets/onlinebets/assets/img/table/carolina.png]
[pixner.net/onlinebets/onlinebets/assets/img/table/sfsan.png]
[pixner.net/onlinebets/onlinebets/assets/img/table/la.png]
[pixner.net/onlinebets/onlinebets/assets/img/table/dallas.png]
[pixner.net/onlinebets/onlinebets/assets/img/table/arizona.png]
[pixner.net/onlinebets/onlinebets/assets/img/table/philadelphia.png]
[pixner.net/onlinebets/onlinebets/assets/img/table/ravens-b.png]
[pixner.net/onlinebets/onlinebets/assets/img/table/b.png]
[pixner.net/onlinebets/onlinebets/assets/img/table/pepe.png]
[pixner.net/onlinebets/onlinebets/assets/img/table/minners.png]
[pixner.net/onlinebets/onlinebets/assets/img/table/buccanee.png]
[pixner.net/onlinebets/onlinebets/americanfootball.html]
[pixner.net/onlinebets/onlinebets/assets/img/table/suppur-liga.png]
[pixner.net/onlinebets/onlinebets/assets/img/table/mks.png]
[pixner.net/onlinebets/onlinebets/assets/img/table/naerbo.png]
[pixner.net/onlinebets/onlinebets/assets/img/table/rc-trimo.png]
[pixner.net/onlinebets/onlinebets/assets/img/table/ribnica.png]
[pixner.net/onlinebets/onlinebets/assets/img/table/handbold.png]
[pixner.net/onlinebets/onlinebets/assets/img/table/freemad.png]
[pixner.net/onlinebets/onlinebets/assets/img/table/sydhavus.png]
[pixner.net/onlinebets/onlinebets/assets/img/table/ajax.png]
[pixner.net/onlinebets/onlinebets/assets/img/table/bruges333.png]
[pixner.net/onlinebets/onlinebets/assets/img/table/valence33.png]
[pixner.net/onlinebets/onlinebets/assets/img/table/olis.png]
[pixner.net/onlinebets/onlinebets/assets/img/table/ifk.png]
[pixner.net/onlinebets/onlinebets/assets/img/table/alk.png]
[pixner.net/onlinebets/onlinebets/assets/img/table/amo.png]
[pixner.net/onlinebets/onlinebets/assets/img/table/hkmalmo.png]
[pixner.net/onlinebets/onlinebets/handball.html]
[pixner.net/onlinebets/onlinebets/assets/img/table/rocket-l.png]
[pixner.net/onlinebets/onlinebets/assets/img/table/moist.png]
[pixner.net/onlinebets/onlinebets/assets/img/table/heet.png]
[pixner.net/onlinebets/onlinebets/assets/img/table/sonq1.png]
[pixner.net/onlinebets/onlinebets/assets/img/table/sonq2.png]
[pixner.net/onlinebets/onlinebets/assets/img/table/karmine.png]
[pixner.net/onlinebets/onlinebets/assets/img/table/guid.png]
[pixner.net/onlinebets/onlinebets/assets/img/table/oxygen.png]
[pixner.net/onlinebets/onlinebets/assets/img/table/-l.png]
[pixner.net/onlinebets/onlinebets/rocket.html]
[pixner.net/onlinebets/onlinebets/assets/img/table/boxings.png]
[pixner.net/onlinebets/onlinebets/assets/img/table/cesarus.png]
[pixner.net/onlinebets/onlinebets/assets/img/table/armenta.png]
[pixner.net/onlinebets/onlinebets/assets/img/table/murray.png]
[pixner.net/onlinebets/onlinebets/assets/img/table/j-man.png]
[pixner.net/onlinebets/onlinebets/assets/img/table/mairena.png]
[pixner.net/onlinebets/onlinebets/assets/img/table/carlos.png]
[pixner.net/onlinebets/onlinebets/boxing.html]
[pixner.net/onlinebets/onlinebets/assets/img/table/rainhot.png]
[pixner.net/onlinebets/onlinebets/assets/img/table/faze.png]
[pixner.net/onlinebets/onlinebets/assets/img/table/tropicos.png]
[pixner.net/onlinebets/onlinebets/assets/img/table/wm.png]
[pixner.net/onlinebets/onlinebets/assets/img/table/teamone.png]
[pixner.net/onlinebets/onlinebets/assets/img/table/nip.png]
[pixner.net/onlinebets/onlinebets/rainbow.html]
[pixner.net/onlinebets/onlinebets/futsal.html]
[pixner.net/onlinebets/onlinebets/assets/img/table/master2.png]
[pixner.net/onlinebets/onlinebets/assets/img/table/harestem.png]
[pixner.net/onlinebets/onlinebets/assets/img/table/pax.png]
[pixner.net/onlinebets/onlinebets/sc2.html]
[pixner.net/onlinebets/onlinebets/assets/img/table/league.png]
[pixner.net/onlinebets/onlinebets/assets/img/table/gx.png]
[pixner.net/onlinebets/onlinebets/assets/img/table/sparks.png]
[pixner.net/onlinebets/onlinebets/assets/img/table/valiant.png]
[pixner.net/onlinebets/onlinebets/assets/img/table/dragons.png]
[pixner.net/onlinebets/onlinebets/assets/img/table/pusion.png]
[pixner.net/onlinebets/onlinebets/assets/img/table/chen.png]
[pixner.net/onlinebets/onlinebets/assets/img/table/mahem.png]
[pixner.net/onlinebets/onlinebets/assets/img/table/hauston.png]
[pixner.net/onlinebets/onlinebets/ow.html]
[pixner.net/onlinebets/onlinebets/assets/img/table/drogan-game.png]
[pixner.net/onlinebets/onlinebets/assets/img/table/vgame.png]
[pixner.net/onlinebets/onlinebets/valor.html]
[pixner.net/onlinebets/onlinebets/assets/img/table/details/scoreboard.png]
[pixner.net/onlinebets/onlinebets/assets/img/table/details/changchun.png]
[pixner.net/onlinebets/onlinebets/assets/img/table/details/red.png]
[pixner.net/onlinebets/onlinebets/assets/img/table/details/zall.png]
[pixner.net/onlinebets/onlinebets/details.html]
[pixner.net/onlinebets/onlinebets/assets/img/header/right-icon/wallet.svg]
[pixner.net/onlinebets/onlinebets/assets/img/header/right-icon/bed.svg]
[pixner.net/onlinebets/onlinebets/assets/img/header/right-icon/bets.svg]
[pixner.net/onlinebets/onlinebets/assets/img/header/right-icon/footaball.svg]
[pixner.net/onlinebets/onlinebets/assets/img/header/right-icon/uptodwon.svg]
[pixner.net/onlinebets/onlinebets/assets/css/owl.video.play.html]
[pixner.net/onlinebets/onlinebets/assets/glyphter/fonts/Glyphter.svg]
[pixner.net/onlinebets/onlinebets/assets/img/banner-freature/live.svg]
[pixner.net/onlinebets/onlinebets/assets/img/banner-freature/parcents.svg]
[pixner.net/onlinebets/onlinebets/assets/img/banner-freature/football.svg]
[pixner.net/onlinebets/onlinebets/assets/img/banner-freature/tennis.svg]
[pixner.net/onlinebets/onlinebets/assets/img/banner-freature/table.svg]
[pixner.net/onlinebets/onlinebets/assets/img/banner-freature/basketball.svg]
[pixner.net/onlinebets/onlinebets/assets/img/banner-freature/esport.svg]
[pixner.net/onlinebets/onlinebets/assets/img/banner-freature/promotion.svg]
[pixner.net/onlinebets/onlinebets/assets/img/banner-freature/cricket.svg]
[pixner.net/onlinebets/onlinebets/assets/img/table/basketball.svg]
[pixner.net/onlinebets/onlinebets/details-2.html]
[pixner.net/onlinebets/onlinebets/details.htdetails.html]
[pixner.net/onlinebets/onlinebets/assets/img/table/-l.html]
